 ------ -------------------------------------------------------------------------------------------------------------------------------- 
  Line   Http\Controllers\PageviewController.php                                                                                         
 ------ -------------------------------------------------------------------------------------------------------------------------------- 
  19     Method App\Http\Controllers\PageviewController::index() should return Illuminate\Http\Response but return statement is          
         missing.                                                                                                                        
  27     Method App\Http\Controllers\PageviewController::create() should return Illuminate\Http\Response but return statement is         
         missing.                                                                                                                        
  38     PHPDoc tag @param for parameter $request with type Illuminate\Http\Request is not subtype of native type                        
         App\Http\Requests\StorePageviewRequest.                                                                                         
  40     Method App\Http\Controllers\PageviewController::store() should return Illuminate\Http\Response but return statement is          
         missing.                                                                                                                        
  49     PHPDoc tag @param for parameter $pageviews with type App\Models\Pageviews is not subtype of native type                         
         App\Http\Controllers\Pageviews.                                                                                                 
  49     Parameter $pageviews of method App\Http\Controllers\PageviewController::show() has invalid typehint type                        
         App\Http\Controllers\Pageviews.                                                                                                 
  49     Parameter $pageviews of method App\Http\Controllers\PageviewController::show() has invalid typehint type App\Models\Pageviews.  
  51     Method App\Http\Controllers\PageviewController::show() should return Illuminate\Http\Response but return statement is missing.  
  60     PHPDoc tag @param for parameter $pageviews with type App\Models\Pageviews is not subtype of native type                         
         App\Http\Controllers\Pageviews.                                                                                                 
  60     Parameter $pageviews of method App\Http\Controllers\PageviewController::edit() has invalid typehint type                        
         App\Http\Controllers\Pageviews.                                                                                                 
  60     Parameter $pageviews of method App\Http\Controllers\PageviewController::edit() has invalid typehint type App\Models\Pageviews.  
  62     Method App\Http\Controllers\PageviewController::edit() should return Illuminate\Http\Response but return statement is missing.  
  72     PHPDoc tag @param for parameter $pageviews with type App\Models\Pageviews is not subtype of native type                         
         App\Http\Controllers\Pageviews.                                                                                                 
  72     Parameter $pageviews of method App\Http\Controllers\PageviewController::update() has invalid typehint type                      
         App\Http\Controllers\Pageviews.                                                                                                 
  72     Parameter $pageviews of method App\Http\Controllers\PageviewController::update() has invalid typehint type                      
         App\Models\Pageviews.                                                                                                           
  74     Method App\Http\Controllers\PageviewController::update() should return Illuminate\Http\Response but return statement is         
         missing.                                                                                                                        
  83     PHPDoc tag @param for parameter $pageviews with type App\Models\Pageviews is not subtype of native type                         
         App\Http\Controllers\Pageviews.                                                                                                 
  83     Parameter $pageviews of method App\Http\Controllers\PageviewController::destroy() has invalid typehint type                     
         App\Http\Controllers\Pageviews.                                                                                                 
  83     Parameter $pageviews of method App\Http\Controllers\PageviewController::destroy() has invalid typehint type                     
         App\Models\Pageviews.                                                                                                           
  85     Method App\Http\Controllers\PageviewController::destroy() should return Illuminate\Http\Response but return statement is        
         missing.                                                                                                                        
 ------ -------------------------------------------------------------------------------------------------------------------------------- 

 ------ --------------------------------------------------------------------------------------------------------------------------- 
  Line   Http\Controllers\SignatureController.php                                                                                   
 ------ --------------------------------------------------------------------------------------------------------------------------- 
  17     Method App\Http\Controllers\SignatureController::index() should return Illuminate\Http\Response but return statement is    
         missing.                                                                                                                   
  27     Method App\Http\Controllers\SignatureController::create() should return Illuminate\Http\Response but return statement is   
         missing.                                                                                                                   
  38     Method App\Http\Controllers\SignatureController::store() should return Illuminate\Http\Response but return statement is    
         missing.                                                                                                                   
  49     Method App\Http\Controllers\SignatureController::show() should return Illuminate\Http\Response but return statement is     
         missing.                                                                                                                   
  60     Method App\Http\Controllers\SignatureController::edit() should return Illuminate\Http\Response but return statement is     
         missing.                                                                                                                   
  72     Method App\Http\Controllers\SignatureController::update() should return Illuminate\Http\Response but return statement is   
         missing.                                                                                                                   
  83     Method App\Http\Controllers\SignatureController::destroy() should return Illuminate\Http\Response but return statement is  
         missing.                                                                                                                   
 ------ --------------------------------------------------------------------------------------------------------------------------- 

 ------ -------------------------------------------------------------------------------------------------------------------------------- 
  Line   Http\Controllers\WebsiteController.php                                                                                          
 ------ -------------------------------------------------------------------------------------------------------------------------------- 
  17     Method App\Http\Controllers\WebsiteController::index() should return Illuminate\Http\Response but return statement is missing.  
  27     Method App\Http\Controllers\WebsiteController::create() should return Illuminate\Http\Response but return statement is          
         missing.                                                                                                                        
  38     Method App\Http\Controllers\WebsiteController::store() should return Illuminate\Http\Response but return statement is missing.  
  49     Method App\Http\Controllers\WebsiteController::show() should return Illuminate\Http\Response but return statement is missing.   
  60     Method App\Http\Controllers\WebsiteController::edit() should return Illuminate\Http\Response but return statement is missing.   
  72     Method App\Http\Controllers\WebsiteController::update() should return Illuminate\Http\Response but return statement is          
         missing.                                                                                                                        
  83     Method App\Http\Controllers\WebsiteController::destroy() should return Illuminate\Http\Response but return statement is         
         missing.                                                                                                                        
 ------ -------------------------------------------------------------------------------------------------------------------------------- 

 ------ ----------------------------------------------------------------------------------------------------- 
  Line   Http\Livewire\Dashboard.php                                                                          
 ------ ----------------------------------------------------------------------------------------------------- 
  19     Property App\Http\Livewire\Dashboard::$queryString has no typehint specified.                        
  21     Method App\Http\Livewire\Dashboard::updatedRange() has no return typehint specified.                 
  21     Method App\Http\Livewire\Dashboard::updatedRange() has parameter $range with no typehint specified.  
  35     Method App\Http\Livewire\Dashboard::mount() has no return typehint specified.                        
  40     Method App\Http\Livewire\Dashboard::render() has no return typehint specified.                       
 ------ ----------------------------------------------------------------------------------------------------- 

 ------ ---------------------------------------------------------------------------------------------------- 
  Line   Http\Livewire\Widgets\Main.php                                                                      
 ------ ---------------------------------------------------------------------------------------------------- 
  21     Property App\Http\Livewire\Widgets\Main::$pageviews has no typehint specified.                      
  23     Property App\Http\Livewire\Widgets\Main::$unique has no typehint specified.                         
  25     Property App\Http\Livewire\Widgets\Main::$range has no typehint specified.                          
  27     Property App\Http\Livewire\Widgets\Main::$from has no typehint specified.                           
  29     Property App\Http\Livewire\Widgets\Main::$to has no typehint specified.                             
  31     Property App\Http\Livewire\Widgets\Main::$format has no typehint specified.                         
  33     Property App\Http\Livewire\Widgets\Main::$interval has no typehint specified.                       
  35     Property App\Http\Livewire\Widgets\Main::$listeners has no typehint specified.                      
  37     Method App\Http\Livewire\Widgets\Main::mount() has no return typehint specified.                    
  37     Method App\Http\Livewire\Widgets\Main::mount() has parameter $format with no typehint specified.    
  37     Method App\Http\Livewire\Widgets\Main::mount() has parameter $from with no typehint specified.      
  37     Method App\Http\Livewire\Widgets\Main::mount() has parameter $interval with no typehint specified.  
  37     Method App\Http\Livewire\Widgets\Main::mount() has parameter $range with no typehint specified.     
  37     Method App\Http\Livewire\Widgets\Main::mount() has parameter $to with no typehint specified.        
  50     Method App\Http\Livewire\Widgets\Main::refresh() has no return typehint specified.                  
  50     Method App\Http\Livewire\Widgets\Main::refresh() has parameter $data with no typehint specified.    
  66     Access to an undefined property App\Http\Livewire\Widgets\Main::$visitors.                          
  70     Method App\Http\Livewire\Widgets\Main::queryData() has no return typehint specified.                
  96     Cannot call method format() on Carbon\CarbonInterface|null.                                         
  113    Access to an undefined property App\Http\Livewire\Widgets\Main::$visitors.                          
  120    Method App\Http\Livewire\Widgets\Main::render() has no return typehint specified.                   
  128    Access to an undefined property App\Http\Livewire\Widgets\Main::$visitors.                          
  132    Access to an undefined property App\Http\Livewire\Widgets\Main::$visitors.                          
 ------ ---------------------------------------------------------------------------------------------------- 

 ------ --------------------------------------------------------------------------------------- 
  Line   Http\Livewire\Widgets\TopPages.php                                                     
 ------ --------------------------------------------------------------------------------------- 
  17     Method App\Http\Livewire\Widgets\TopPages::render() has no return typehint specified.  
 ------ --------------------------------------------------------------------------------------- 

 ------ ----------------------------------------------------------------------------------------- 
  Line   Http\Livewire\Widgets\TopSources.php                                                     
 ------ ----------------------------------------------------------------------------------------- 
  17     Property App\Http\Livewire\Widgets\TopSources::$sources has no typehint specified.       
  19     Property App\Http\Livewire\Widgets\TopSources::$mediums has no typehint specified.       
  21     Property App\Http\Livewire\Widgets\TopSources::$campaign has no typehint specified.      
  23     Method App\Http\Livewire\Widgets\TopSources::mount() has no return typehint specified.   
  58     Method App\Http\Livewire\Widgets\TopSources::render() has no return typehint specified.  
 ------ ----------------------------------------------------------------------------------------- 

 ------ ------------------------------------------------------------------------------------------------------------------ 
  Line   Http\Middleware\Authenticate.php                                                                                  
 ------ ------------------------------------------------------------------------------------------------------------------ 
  17     Method App\Http\Middleware\Authenticate::redirectTo() should return string|null but return statement is missing.  
 ------ ------------------------------------------------------------------------------------------------------------------ 

 ------ ----------------------------------------------------------------------------------- 
  Line   Traits\RangeTrait.php (in context of class App\Http\Livewire\Dashboard)            
 ------ ----------------------------------------------------------------------------------- 
  17     Property App\Http\Livewire\Dashboard::$format has no typehint specified.           
  19     Property App\Http\Livewire\Dashboard::$interval has no typehint specified.         
  21     Method App\Http\Livewire\Dashboard::findRange() has no return typehint specified.  
 ------ ----------------------------------------------------------------------------------- 

 ------ ------------------------------------------------------------------------------------------ 
  Line   Traits\RangeTrait.php (in context of class App\Http\Livewire\Widgets\TopPages)            
 ------ ------------------------------------------------------------------------------------------ 
  17     Property App\Http\Livewire\Widgets\TopPages::$format has no typehint specified.           
  19     Property App\Http\Livewire\Widgets\TopPages::$interval has no typehint specified.         
  21     Method App\Http\Livewire\Widgets\TopPages::findRange() has no return typehint specified.  
 ------ ------------------------------------------------------------------------------------------ 

 ------ -------------------------------------------------------------------------------------------- 
  Line   Traits\RangeTrait.php (in context of class App\Http\Livewire\Widgets\TopSources)            
 ------ -------------------------------------------------------------------------------------------- 
  17     Property App\Http\Livewire\Widgets\TopSources::$format has no typehint specified.           
  19     Property App\Http\Livewire\Widgets\TopSources::$interval has no typehint specified.         
  21     Method App\Http\Livewire\Widgets\TopSources::findRange() has no return typehint specified.  
 ------ -------------------------------------------------------------------------------------------- 

 -- ---------------------------------------------------------------------------------------- 
     Error                                                                                   
 -- ---------------------------------------------------------------------------------------- 
     Ignored error pattern #Unsafe usage of new static# was not matched in reported errors.  
 -- ---------------------------------------------------------------------------------------- 

 [ERROR] Found 79 errors                                                                                                

